---
source: crates/scip-syntax/src/lib.rs
expression: "String::from_utf8_lossy(buf_writer.buffer())"
---
{"_type":"tag","name":"multierror","path":"go-globals.go","language":"Go","line":1,"kind":"namespace","pattern":"/.*/","scope":null,"scopeKind":null,"signature":null}
{"_type":"tag","name":"Group","path":"go-globals.go","language":"Go","line":7,"kind":"type","pattern":"/.*/","scope":"multierror","scopeKind":null,"signature":null}
{"_type":"tag","name":"wg","path":"go-globals.go","language":"Go","line":10,"kind":"variable","pattern":"/.*/","scope":"multierror.Group","scopeKind":null,"signature":null}
{"_type":"tag","name":"err","path":"go-globals.go","language":"Go","line":9,"kind":"variable","pattern":"/.*/","scope":"multierror.Group","scopeKind":null,"signature":null}
{"_type":"tag","name":"mutex","path":"go-globals.go","language":"Go","line":8,"kind":"variable","pattern":"/.*/","scope":"multierror.Group","scopeKind":null,"signature":null}
{"_type":"tag","name":"Wait","path":"go-globals.go","language":"Go","line":33,"kind":"method","pattern":"/.*/","scope":"multierror.Group","scopeKind":null,"signature":null}
{"_type":"tag","name":"Go","path":"go-globals.go","language":"Go","line":17,"kind":"method","pattern":"/.*/","scope":"multierror.Group","scopeKind":null,"signature":null}

