---
source: crates/scip-syntax/src/lib.rs
expression: "String::from_utf8_lossy(buf_writer.buffer())"
---
{"_type":"tag","name":"MyEnum","path":"globals.ts","language":"go","line":16,"kind":"type","scope":null}
{"_type":"tag","name":"go","path":"globals.ts","language":"go","line":19,"kind":"variable","scope":"MyEnum"}
{"_type":"tag","name":"rust","path":"globals.ts","language":"go","line":18,"kind":"variable","scope":"MyEnum"}
{"_type":"tag","name":"zig","path":"globals.ts","language":"go","line":17,"kind":"variable","scope":"MyEnum"}
{"_type":"tag","name":"MyInterface","path":"globals.ts","language":"go","line":11,"kind":"type","scope":null}
{"_type":"tag","name":"sayBruh","path":"globals.ts","language":"go","line":13,"kind":"method","scope":"MyInterface"}
{"_type":"tag","name":"bruh","path":"globals.ts","language":"go","line":12,"kind":"variable","scope":"MyInterface"}
{"_type":"tag","name":"MyClass","path":"globals.ts","language":"go","line":1,"kind":"type","scope":null}
{"_type":"tag","name":"also_private_method","path":"globals.ts","language":"go","line":8,"kind":"method","scope":"MyClass"}
{"_type":"tag","name":"#private_method","path":"globals.ts","language":"go","line":7,"kind":"method","scope":"MyClass"}
{"_type":"tag","name":"public_method","path":"globals.ts","language":"go","line":6,"kind":"method","scope":"MyClass"}
{"_type":"tag","name":"also_private_field","path":"globals.ts","language":"go","line":4,"kind":"variable","scope":"MyClass"}
{"_type":"tag","name":"#private_field","path":"globals.ts","language":"go","line":3,"kind":"variable","scope":"MyClass"}
{"_type":"tag","name":"public_field","path":"globals.ts","language":"go","line":2,"kind":"variable","scope":"MyClass"}
{"_type":"tag","name":"func","path":"globals.ts","language":"go","line":25,"kind":"method","scope":null}
{"_type":"tag","name":"global2","path":"globals.ts","language":"go","line":23,"kind":"variable","scope":null}
{"_type":"tag","name":"global1","path":"globals.ts","language":"go","line":22,"kind":"variable","scope":null}

